=== ORT benchmark ===
model: outputs/models/yolov8n_320.onnx
providers_used: ['CUDAExecutionProvider', 'CPUExecutionProvider']
input: name=images shape=(1, 3, 320, 320)
runs: warmup=50 measure=500
throughput_qps: 275.846
latency_ms: mean=3.624 p50=3.382 p90=4.490 p95=5.067 p99=6.934 min=2.985 max=7.540

{
  "model": "outputs/models/yolov8n_320.onnx",
  "provider_requested": "cuda",
  "providers_used": [
    "CUDAExecutionProvider",
    "CPUExecutionProvider"
  ],
  "input_name": "images",
  "input_shape": [
    1,
    3,
    320,
    320
  ],
  "warmup": 50,
  "runs": 500,
  "latency_ms": {
    "mean": 3.6235731019914965,
    "p50": 3.381698499651975,
    "p90": 4.489997600830975,
    "p95": 5.066680600339168,
    "p99": 6.934229098769718,
    "min": 2.9852719999325927,
    "max": 7.540026999777183
  },
  "throughput_qps": 275.8462491639893,
  "total_walltime_s": 1.8126039470007527
}
